- Atom #0
	Is std. hydrogen: False
	Is heavy atom: True
	Is unsaturated: True
	Is H-bond acceptor: False
	H-bond acceptor type: NONE
	Is H-bond donor: False
	H-bond donor type: NONE
	Is carbonyl carbon: False
	Is amide carbon: False
	Is amide nitrogen: False
	Is invertible nitrogen: False
	Is planar nitrogen: False
- Atom #1
	Is std. hydrogen: False
	Is heavy atom: True
	Is unsaturated: True
	Is H-bond acceptor: False
	H-bond acceptor type: NONE
	Is H-bond donor: False
	H-bond donor type: NONE
	Is carbonyl carbon: False
	Is amide carbon: False
	Is amide nitrogen: False
	Is invertible nitrogen: False
	Is planar nitrogen: False
- Atom #2
	Is std. hydrogen: False
	Is heavy atom: True
	Is unsaturated: True
	Is H-bond acceptor: False
	H-bond acceptor type: NONE
	Is H-bond donor: False
	H-bond donor type: NONE
	Is carbonyl carbon: False
	Is amide carbon: False
	Is amide nitrogen: False
	Is invertible nitrogen: False
	Is planar nitrogen: False
- Atom #3
	Is std. hydrogen: False
	Is heavy atom: True
	Is unsaturated: True
	Is H-bond acceptor: False
	H-bond acceptor type: NONE
	Is H-bond donor: False
	H-bond donor type: NONE
	Is carbonyl carbon: False
	Is amide carbon: False
	Is amide nitrogen: False
	Is invertible nitrogen: False
	Is planar nitrogen: False
- Atom #4
	Is std. hydrogen: False
	Is heavy atom: True
	Is unsaturated: True
	Is H-bond acceptor: False
	H-bond acceptor type: NONE
	Is H-bond donor: False
	H-bond donor type: NONE
	Is carbonyl carbon: False
	Is amide carbon: False
	Is amide nitrogen: False
	Is invertible nitrogen: False
	Is planar nitrogen: False
- Atom #5
	Is std. hydrogen: False
	Is heavy atom: True
	Is unsaturated: True
	Is H-bond acceptor: False
	H-bond acceptor type: NONE
	Is H-bond donor: False
	H-bond donor type: NONE
	Is carbonyl carbon: False
	Is amide carbon: False
	Is amide nitrogen: False
	Is invertible nitrogen: False
	Is planar nitrogen: False
- Atom #6
	Is std. hydrogen: False
	Is heavy atom: True
	Is unsaturated: False
	Is H-bond acceptor: True
	H-bond acceptor type: O_ALCOHOL
	Is H-bond donor: True
	H-bond donor type: O_PHENOL
	Is carbonyl carbon: False
	Is amide carbon: False
	Is amide nitrogen: False
	Is invertible nitrogen: False
	Is planar nitrogen: False
- Atom #7
	Is std. hydrogen: False
	Is heavy atom: True
	Is unsaturated: False
	Is H-bond acceptor: False
	H-bond acceptor type: NONE
	Is H-bond donor: False
	H-bond donor type: NONE
	Is carbonyl carbon: False
	Is amide carbon: False
	Is amide nitrogen: False
	Is invertible nitrogen: False
	Is planar nitrogen: False
- Atom #8
	Is std. hydrogen: False
	Is heavy atom: True
	Is unsaturated: False
	Is H-bond acceptor: False
	H-bond acceptor type: NONE
	Is H-bond donor: False
	H-bond donor type: NONE
	Is carbonyl carbon: False
	Is amide carbon: False
	Is amide nitrogen: False
	Is invertible nitrogen: False
	Is planar nitrogen: False
- Atom #9
	Is std. hydrogen: False
	Is heavy atom: True
	Is unsaturated: False
	Is H-bond acceptor: False
	H-bond acceptor type: NONE
	Is H-bond donor: False
	H-bond donor type: NONE
	Is carbonyl carbon: False
	Is amide carbon: False
	Is amide nitrogen: False
	Is invertible nitrogen: False
	Is planar nitrogen: False
- Atom #10
	Is std. hydrogen: False
	Is heavy atom: True
	Is unsaturated: False
	Is H-bond acceptor: False
	H-bond acceptor type: NONE
	Is H-bond donor: False
	H-bond donor type: NONE
	Is carbonyl carbon: False
	Is amide carbon: False
	Is amide nitrogen: False
	Is invertible nitrogen: False
	Is planar nitrogen: False
- Atom #11
	Is std. hydrogen: False
	Is heavy atom: True
	Is unsaturated: False
	Is H-bond acceptor: False
	H-bond acceptor type: NONE
	Is H-bond donor: False
	H-bond donor type: NONE
	Is carbonyl carbon: False
	Is amide carbon: False
	Is amide nitrogen: False
	Is invertible nitrogen: False
	Is planar nitrogen: False
- Atom #12
	Is std. hydrogen: False
	Is heavy atom: True
	Is unsaturated: False
	Is H-bond acceptor: False
	H-bond acceptor type: NONE
	Is H-bond donor: False
	H-bond donor type: NONE
	Is carbonyl carbon: False
	Is amide carbon: False
	Is amide nitrogen: False
	Is invertible nitrogen: False
	Is planar nitrogen: False
- Atom #13
	Is std. hydrogen: False
	Is heavy atom: True
	Is unsaturated: True
	Is H-bond acceptor: False
	H-bond acceptor type: NONE
	Is H-bond donor: False
	H-bond donor type: NONE
	Is carbonyl carbon: False
	Is amide carbon: False
	Is amide nitrogen: False
	Is invertible nitrogen: False
	Is planar nitrogen: False
- Atom #14
	Is std. hydrogen: False
	Is heavy atom: True
	Is unsaturated: True
	Is H-bond acceptor: False
	H-bond acceptor type: NONE
	Is H-bond donor: False
	H-bond donor type: NONE
	Is carbonyl carbon: False
	Is amide carbon: False
	Is amide nitrogen: False
	Is invertible nitrogen: False
	Is planar nitrogen: False
- Atom #15
	Is std. hydrogen: False
	Is heavy atom: False
	Is unsaturated: False
	Is H-bond acceptor: False
	H-bond acceptor type: NONE
	Is H-bond donor: False
	H-bond donor type: NONE
	Is carbonyl carbon: False
	Is amide carbon: False
	Is amide nitrogen: False
	Is invertible nitrogen: False
	Is planar nitrogen: False
- Atom #16
	Is std. hydrogen: False
	Is heavy atom: True
	Is unsaturated: False
	Is H-bond acceptor: True
	H-bond acceptor type: O_ETHER
	Is H-bond donor: False
	H-bond donor type: NONE
	Is carbonyl carbon: False
	Is amide carbon: False
	Is amide nitrogen: False
	Is invertible nitrogen: False
	Is planar nitrogen: False
- Atom #17
	Is std. hydrogen: False
	Is heavy atom: True
	Is unsaturated: False
	Is H-bond acceptor: True
	H-bond acceptor type: O_ALCOHOL
	Is H-bond donor: True
	H-bond donor type: O_ALCOHOL
	Is carbonyl carbon: False
	Is amide carbon: False
	Is amide nitrogen: False
	Is invertible nitrogen: False
	Is planar nitrogen: False
- Atom #18
	Is std. hydrogen: False
	Is heavy atom: True
	Is unsaturated: False
	Is H-bond acceptor: False
	H-bond acceptor type: NONE
	Is H-bond donor: False
	H-bond donor type: NONE
	Is carbonyl carbon: False
	Is amide carbon: False
	Is amide nitrogen: False
	Is invertible nitrogen: False
	Is planar nitrogen: False
- Atom #19
	Is std. hydrogen: False
	Is heavy atom: True
	Is unsaturated: False
	Is H-bond acceptor: True
	H-bond acceptor type: N_AMINE
	Is H-bond donor: False
	H-bond donor type: NONE
	Is carbonyl carbon: False
	Is amide carbon: False
	Is amide nitrogen: False
	Is invertible nitrogen: True
	Is planar nitrogen: False
- Atom #20
	Is std. hydrogen: False
	Is heavy atom: True
	Is unsaturated: False
	Is H-bond acceptor: False
	H-bond acceptor type: NONE
	Is H-bond donor: False
	H-bond donor type: NONE
	Is carbonyl carbon: False
	Is amide carbon: False
	Is amide nitrogen: False
	Is invertible nitrogen: False
	Is planar nitrogen: False
- Atom #21
	Is std. hydrogen: False
	Is heavy atom: True
	Is unsaturated: False
	Is H-bond acceptor: False
	H-bond acceptor type: NONE
	Is H-bond donor: False
	H-bond donor type: NONE
	Is carbonyl carbon: False
	Is amide carbon: False
	Is amide nitrogen: False
	Is invertible nitrogen: False
	Is planar nitrogen: False
- Atom #22
	Is std. hydrogen: True
	Is heavy atom: False
	Is unsaturated: False
	Is H-bond acceptor: False
	H-bond acceptor type: NONE
	Is H-bond donor: False
	H-bond donor type: NONE
	Is carbonyl carbon: False
	Is amide carbon: False
	Is amide nitrogen: False
	Is invertible nitrogen: False
	Is planar nitrogen: False
